
> bali-tour-company@0.1.0 build
> next build

⚠ `eslint` configuration in next.config.mjs is no longer supported. See more info here: https://nextjs.org/docs/app/api-reference/cli/next#next-lint-options
⚠ Invalid next.config.mjs options detected: 
⚠     Unrecognized key(s) in object: 'eslint'
⚠ See more info here: https://nextjs.org/docs/messages/invalid-next-config
▲ Next.js 16.2.2 (Turbopack)
- Environments: .env.local

  Creating an optimized production build ...
✓ Compiled successfully in 3.7s
  Skipping validation of types
  Finished TypeScript config validation in 10ms ...
  Collecting page data using 9 workers ...
⚠ Using edge runtime on a page currently disables static generation for that page
  Generating static pages using 9 workers (0/52) ...
  Generating static pages using 9 workers (13/52) 
  Generating static pages using 9 workers (26/52) 
  Generating static pages using 9 workers (39/52) 
Failed to set Next.js data cache for unstable_cache / 1d8b38384c3b4f3b258633a7a51c0e616331377ec90a16d757923fe8df129a39, items over 2MB can not be cached (5681387 bytes)
✓ Generating static pages using 9 workers (52/52) in 4.0s
  Finalizing page optimization ...

Route (app)                                                         Revalidate  Expire
┌ ○ /                                                                       1h      1y
├ ○ /_not-found                                                             1h      1y
├ ○ /about                                                                  1h      1y
├ ○ /admin                                                                  1h      1y
├ ○ /admin/bookings                                                         1h      1y
├ ○ /admin/customers                                                        1h      1y
├ ○ /admin/listings                                                         1h      1y
├ ○ /admin/partners                                                         1h      1y
├ ○ /admin/places                                                           1h      1y
├ ƒ /api/admin/blogs
├ ƒ /api/admin/bookings
├ ƒ /api/admin/bookings/latest
├ ƒ /api/admin/cleanup-storage
├ ƒ /api/admin/homepage-settings
├ ƒ /api/admin/reviews
├ ƒ /api/admin/save-listing
├ ƒ /api/admin/upload
├ ƒ /api/auth/[...nextauth]
├ ƒ /api/discounts
├ ƒ /api/install
├ ƒ /api/og-image
├ ƒ /api/reviews
├ ○ /blog                                                                   1h      1y
├ ƒ /blog/[slug]
├ ○ /bookings                                                               1h      1y
├ ○ /cancellation-policy                                                    1h      1y
├ ○ /contact                                                                1h      1y
├ ○ /esim                                                                   1h      1y
├ ○ /faq                                                                    1h      1y
├ ○ /favorites                                                              1h      1y
├ ○ /manifest.webmanifest
├ ○ /map                                                                    1h      1y
├ ○ /profile                                                                1h      1y
├ ○ /profile/personal-info                                                  1h      1y
├ ○ /robots.txt
├ ○ /scooter                                                                1h      1y
├ ○ /sitemap.xml
├ ○ /spa                                                                    1h      1y
├ ○ /terms                                                                  1h      1y
├ ○ /tours                                                                  1h      1y
└ ● /tours/[slug]                                                           1h      1y
  ├ /tours/bali-private-tour-besakih-lempuyang-tirta-gangga-temple          1h      1y
  ├ /tours/ubud-highlight-nature-wildlife-swing-waterfall                   1h      1y
  ├ /tours/balis-iconic-waterfalls-rice-terraces                            1h      1y
  └ [+13 more paths]


○  (Static)   prerendered as static content
●  (SSG)      prerendered as static HTML (uses generateStaticParams)
ƒ  (Dynamic)  server-rendered on demand

